
> salespulse@0.0.0 build
> tsc -b && vite build

src/components/kanban/EditLeadDialog.tsx(95,9): error TS2322: Type 'Resolver<{ nome_completo: string; telefone: string; valor_oportunidade: unknown; email?: string | undefined; observacoes?: string | null | undefined; temperatura?: "frio" | "morno" | "quente" | null | undefined; assigned_to_id?: string | ... 1 more ... | undefined; source_id?: unknown; curso_interesse?: unknown; }, ...' is not assignable to type 'Resolver<{ nome_completo: string; telefone: string; valor_oportunidade: number; email?: string | undefined; observacoes?: string | null | undefined; temperatura?: "frio" | "morno" | "quente" | null | undefined; assigned_to_id?: string | ... 1 more ... | undefined; source_id?: number | ... 1 more ... | undefined; cur...'.
  Types of parameters 'options' and 'options' are incompatible.
    Type 'ResolverOptions<{ nome_completo: string; telefone: string; valor_oportunidade: number; email?: string | undefined; observacoes?: string | null | undefined; temperatura?: "frio" | "morno" | "quente" | null | undefined; assigned_to_id?: string | ... 1 more ... | undefined; source_id?: number | ... 1 more ... | undefin...' is not assignable to type 'ResolverOptions<{ nome_completo: string; telefone: string; valor_oportunidade: unknown; email?: string | undefined; observacoes?: string | null | undefined; temperatura?: "frio" | "morno" | "quente" | null | undefined; assigned_to_id?: string | ... 1 more ... | undefined; source_id?: unknown; curso_interesse?: unkno...'.
      Type 'unknown' is not assignable to type 'number'.
src/components/kanban/EditLeadDialog.tsx(193,71): error TS2345: Argument of type '(values: { nome_completo: string; telefone: string; valor_oportunidade: number; email?: string | undefined; observacoes?: string | null | undefined; temperatura?: "frio" | "morno" | "quente" | null | undefined; assigned_to_id?: string | ... 1 more ... | undefined; source_id?: number | ... 1 more ... | undefined; cur...' is not assignable to parameter of type 'SubmitHandler<TFieldValues>'.
  Types of parameters 'values' and 'data' are incompatible.
    Type 'TFieldValues' is not assignable to type '{ nome_completo: string; telefone: string; valor_oportunidade: number; email?: string | undefined; observacoes?: string | null | undefined; temperatura?: "frio" | "morno" | "quente" | null | undefined; assigned_to_id?: string | ... 1 more ... | undefined; source_id?: number | ... 1 more ... | undefined; curso_intere...'.
      Type 'FieldValues' is missing the following properties from type '{ nome_completo: string; telefone: string; valor_oportunidade: number; email?: string | undefined; observacoes?: string | null | undefined; temperatura?: "frio" | "morno" | "quente" | null | undefined; assigned_to_id?: string | ... 1 more ... | undefined; source_id?: number | ... 1 more ... | undefined; curso_intere...': nome_completo, telefone, valor_oportunidade
src/components/kanban/EditLeadDialog.tsx(194,52): error TS2719: Type 'import("C:/Users/ojuli/COMERCIAL-FICV/node_modules/react-hook-form/dist/types/form").Control<{ nome_completo: string; telefone: string; valor_oportunidade: number; email?: string | undefined; observacoes?: string | null | undefined; temperatura?: "frio" | "morno" | "quente" | null | undefined; assigned_to_id?: strin...' is not assignable to type 'import("C:/Users/ojuli/COMERCIAL-FICV/node_modules/react-hook-form/dist/types/form").Control<{ nome_completo: string; telefone: string; valor_oportunidade: number; email?: string | undefined; observacoes?: string | null | undefined; temperatura?: "frio" | "morno" | "quente" | null | undefined; assigned_to_id?: strin...'. Two different types with this name exist, but they are unrelated.
  The types of '_options.resolver' are incompatible between these types.
    Type 'import("C:/Users/ojuli/COMERCIAL-FICV/node_modules/react-hook-form/dist/types/resolvers").Resolver<{ nome_completo: string; telefone: string; valor_oportunidade: number; email?: string | undefined; observacoes?: string | null | undefined; temperatura?: "frio" | "morno" | "quente" | null | undefined; assigned_to_id?:...' is not assignable to type 'import("C:/Users/ojuli/COMERCIAL-FICV/node_modules/react-hook-form/dist/types/resolvers").Resolver<{ nome_completo: string; telefone: string; valor_oportunidade: number; email?: string | undefined; observacoes?: string | null | undefined; temperatura?: "frio" | "morno" | "quente" | null | undefined; assigned_to_id?:...'. Two different types with this name exist, but they are unrelated.
      Type 'import("C:/Users/ojuli/COMERCIAL-FICV/node_modules/react-hook-form/dist/types/resolvers").Resolver<{ nome_completo: string; telefone: string; valor_oportunidade: number; email?: string | undefined; observacoes?: string | null | undefined; temperatura?: "frio" | "morno" | "quente" | null | undefined; assigned_to_id?:...' is not assignable to type 'import("C:/Users/ojuli/COMERCIAL-FICV/node_modules/react-hook-form/dist/types/resolvers").Resolver<{ nome_completo: string; telefone: string; valor_oportunidade: number; email?: string | undefined; observacoes?: string | null | undefined; temperatura?: "frio" | "morno" | "quente" | null | undefined; assigned_to_id?:...'. Two different types with this name exist, but they are unrelated.
        Type 'import("C:/Users/ojuli/COMERCIAL-FICV/node_modules/react-hook-form/dist/types/resolvers").ResolverResult<{ nome_completo: string; telefone: string; valor_oportunidade: number; email?: string | undefined; observacoes?: string | null | undefined; temperatura?: "frio" | "morno" | "quente" | null | undefined; assigned_t...' is not assignable to type 'import("C:/Users/ojuli/COMERCIAL-FICV/node_modules/react-hook-form/dist/types/resolvers").ResolverResult<{ nome_completo: string; telefone: string; valor_oportunidade: number; email?: string | undefined; observacoes?: string | null | undefined; temperatura?: "frio" | "morno" | "quente" | null | undefined; assigned_t...'. Two different types with this name exist, but they are unrelated.
          Type 'ResolverSuccess<TFieldValues>' is not assignable to type 'ResolverResult<{ nome_completo: string; telefone: string; valor_oportunidade: number; email?: string | undefined; observacoes?: string | null | undefined; temperatura?: "frio" | "morno" | "quente" | null | undefined; assigned_to_id?: string | ... 1 more ... | undefined; source_id?: number | ... 1 more ... | undefine...'.
            Type 'ResolverSuccess<TFieldValues>' is not assignable to type 'ResolverSuccess<{ nome_completo: string; telefone: string; valor_oportunidade: number; email?: string | undefined; observacoes?: string | null | undefined; temperatura?: "frio" | "morno" | "quente" | null | undefined; assigned_to_id?: string | ... 1 more ... | undefined; source_id?: number | ... 1 more ... | undefin...'.
              Type 'TFieldValues' is not assignable to type '{ nome_completo: string; telefone: string; valor_oportunidade: number; email?: string | undefined; observacoes?: string | null | undefined; temperatura?: "frio" | "morno" | "quente" | null | undefined; assigned_to_id?: string | ... 1 more ... | undefined; source_id?: number | ... 1 more ... | undefined; curso_intere...'.
                Type 'FieldValues' is missing the following properties from type '{ nome_completo: string; telefone: string; valor_oportunidade: number; email?: string | undefined; observacoes?: string | null | undefined; temperatura?: "frio" | "morno" | "quente" | null | undefined; assigned_to_id?: string | ... 1 more ... | undefined; source_id?: number | ... 1 more ... | undefined; curso_intere...': nome_completo, telefone, valor_oportunidade
src/components/kanban/EditLeadDialog.tsx(197,52): error TS2719: Type 'import("C:/Users/ojuli/COMERCIAL-FICV/node_modules/react-hook-form/dist/types/form").Control<{ nome_completo: string; telefone: string; valor_oportunidade: number; email?: string | undefined; observacoes?: string | null | undefined; temperatura?: "frio" | "morno" | "quente" | null | undefined; assigned_to_id?: strin...' is not assignable to type 'import("C:/Users/ojuli/COMERCIAL-FICV/node_modules/react-hook-form/dist/types/form").Control<{ nome_completo: string; telefone: string; valor_oportunidade: number; email?: string | undefined; observacoes?: string | null | undefined; temperatura?: "frio" | "morno" | "quente" | null | undefined; assigned_to_id?: strin...'. Two different types with this name exist, but they are unrelated.
  The types of '_options.resolver' are incompatible between these types.
    Type 'import("C:/Users/ojuli/COMERCIAL-FICV/node_modules/react-hook-form/dist/types/resolvers").Resolver<{ nome_completo: string; telefone: string; valor_oportunidade: number; email?: string | undefined; observacoes?: string | null | undefined; temperatura?: "frio" | "morno" | "quente" | null | undefined; assigned_to_id?:...' is not assignable to type 'import("C:/Users/ojuli/COMERCIAL-FICV/node_modules/react-hook-form/dist/types/resolvers").Resolver<{ nome_completo: string; telefone: string; valor_oportunidade: number; email?: string | undefined; observacoes?: string | null | undefined; temperatura?: "frio" | "morno" | "quente" | null | undefined; assigned_to_id?:...'. Two different types with this name exist, but they are unrelated.
      Type 'import("C:/Users/ojuli/COMERCIAL-FICV/node_modules/react-hook-form/dist/types/resolvers").Resolver<{ nome_completo: string; telefone: string; valor_oportunidade: number; email?: string | undefined; observacoes?: string | null | undefined; temperatura?: "frio" | "morno" | "quente" | null | undefined; assigned_to_id?:...' is not assignable to type 'import("C:/Users/ojuli/COMERCIAL-FICV/node_modules/react-hook-form/dist/types/resolvers").Resolver<{ nome_completo: string; telefone: string; valor_oportunidade: number; email?: string | undefined; observacoes?: string | null | undefined; temperatura?: "frio" | "morno" | "quente" | null | undefined; assigned_to_id?:...'. Two different types with this name exist, but they are unrelated.
        Type 'import("C:/Users/ojuli/COMERCIAL-FICV/node_modules/react-hook-form/dist/types/resolvers").ResolverResult<{ nome_completo: string; telefone: string; valor_oportunidade: number; email?: string | undefined; observacoes?: string | null | undefined; temperatura?: "frio" | "morno" | "quente" | null | undefined; assigned_t...' is not assignable to type 'import("C:/Users/ojuli/COMERCIAL-FICV/node_modules/react-hook-form/dist/types/resolvers").ResolverResult<{ nome_completo: string; telefone: string; valor_oportunidade: number; email?: string | undefined; observacoes?: string | null | undefined; temperatura?: "frio" | "morno" | "quente" | null | undefined; assigned_t...'. Two different types with this name exist, but they are unrelated.
          Type 'ResolverSuccess<TFieldValues>' is not assignable to type 'ResolverResult<{ nome_completo: string; telefone: string; valor_oportunidade: number; email?: string | undefined; observacoes?: string | null | undefined; temperatura?: "frio" | "morno" | "quente" | null | undefined; assigned_to_id?: string | ... 1 more ... | undefined; source_id?: number | ... 1 more ... | undefine...'.
            Type 'ResolverSuccess<TFieldValues>' is not assignable to type 'ResolverSuccess<{ nome_completo: string; telefone: string; valor_oportunidade: number; email?: string | undefined; observacoes?: string | null | undefined; temperatura?: "frio" | "morno" | "quente" | null | undefined; assigned_to_id?: string | ... 1 more ... | undefined; source_id?: number | ... 1 more ... | undefin...'.
              Type 'TFieldValues' is not assignable to type '{ nome_completo: string; telefone: string; valor_oportunidade: number; email?: string | undefined; observacoes?: string | null | undefined; temperatura?: "frio" | "morno" | "quente" | null | undefined; assigned_to_id?: string | ... 1 more ... | undefined; source_id?: number | ... 1 more ... | undefined; curso_intere...'.
                Type 'FieldValues' is missing the following properties from type '{ nome_completo: string; telefone: string; valor_oportunidade: number; email?: string | undefined; observacoes?: string | null | undefined; temperatura?: "frio" | "morno" | "quente" | null | undefined; assigned_to_id?: string | ... 1 more ... | undefined; source_id?: number | ... 1 more ... | undefined; curso_intere...': nome_completo, telefone, valor_oportunidade
src/components/kanban/EditLeadDialog.tsx(200,52): error TS2719: Type 'import("C:/Users/ojuli/COMERCIAL-FICV/node_modules/react-hook-form/dist/types/form").Control<{ nome_completo: string; telefone: string; valor_oportunidade: number; email?: string | undefined; observacoes?: string | null | undefined; temperatura?: "frio" | "morno" | "quente" | null | undefined; assigned_to_id?: strin...' is not assignable to type 'import("C:/Users/ojuli/COMERCIAL-FICV/node_modules/react-hook-form/dist/types/form").Control<{ nome_completo: string; telefone: string; valor_oportunidade: number; email?: string | undefined; observacoes?: string | null | undefined; temperatura?: "frio" | "morno" | "quente" | null | undefined; assigned_to_id?: strin...'. Two different types with this name exist, but they are unrelated.
  The types of '_options.resolver' are incompatible between these types.
    Type 'import("C:/Users/ojuli/COMERCIAL-FICV/node_modules/react-hook-form/dist/types/resolvers").Resolver<{ nome_completo: string; telefone: string; valor_oportunidade: number; email?: string | undefined; observacoes?: string | null | undefined; temperatura?: "frio" | "morno" | "quente" | null | undefined; assigned_to_id?:...' is not assignable to type 'import("C:/Users/ojuli/COMERCIAL-FICV/node_modules/react-hook-form/dist/types/resolvers").Resolver<{ nome_completo: string; telefone: string; valor_oportunidade: number; email?: string | undefined; observacoes?: string | null | undefined; temperatura?: "frio" | "morno" | "quente" | null | undefined; assigned_to_id?:...'. Two different types with this name exist, but they are unrelated.
      Type 'import("C:/Users/ojuli/COMERCIAL-FICV/node_modules/react-hook-form/dist/types/resolvers").Resolver<{ nome_completo: string; telefone: string; valor_oportunidade: number; email?: string | undefined; observacoes?: string | null | undefined; temperatura?: "frio" | "morno" | "quente" | null | undefined; assigned_to_id?:...' is not assignable to type 'import("C:/Users/ojuli/COMERCIAL-FICV/node_modules/react-hook-form/dist/types/resolvers").Resolver<{ nome_completo: string; telefone: string; valor_oportunidade: number; email?: string | undefined; observacoes?: string | null | undefined; temperatura?: "frio" | "morno" | "quente" | null | undefined; assigned_to_id?:...'. Two different types with this name exist, but they are unrelated.
        Type 'import("C:/Users/ojuli/COMERCIAL-FICV/node_modules/react-hook-form/dist/types/resolvers").ResolverResult<{ nome_completo: string; telefone: string; valor_oportunidade: number; email?: string | undefined; observacoes?: string | null | undefined; temperatura?: "frio" | "morno" | "quente" | null | undefined; assigned_t...' is not assignable to type 'import("C:/Users/ojuli/COMERCIAL-FICV/node_modules/react-hook-form/dist/types/resolvers").ResolverResult<{ nome_completo: string; telefone: string; valor_oportunidade: number; email?: string | undefined; observacoes?: string | null | undefined; temperatura?: "frio" | "morno" | "quente" | null | undefined; assigned_t...'. Two different types with this name exist, but they are unrelated.
          Type 'ResolverSuccess<TFieldValues>' is not assignable to type 'ResolverResult<{ nome_completo: string; telefone: string; valor_oportunidade: number; email?: string | undefined; observacoes?: string | null | undefined; temperatura?: "frio" | "morno" | "quente" | null | undefined; assigned_to_id?: string | ... 1 more ... | undefined; source_id?: number | ... 1 more ... | undefine...'.
            Type 'ResolverSuccess<TFieldValues>' is not assignable to type 'ResolverSuccess<{ nome_completo: string; telefone: string; valor_oportunidade: number; email?: string | undefined; observacoes?: string | null | undefined; temperatura?: "frio" | "morno" | "quente" | null | undefined; assigned_to_id?: string | ... 1 more ... | undefined; source_id?: number | ... 1 more ... | undefin...'.
              Type 'TFieldValues' is not assignable to type '{ nome_completo: string; telefone: string; valor_oportunidade: number; email?: string | undefined; observacoes?: string | null | undefined; temperatura?: "frio" | "morno" | "quente" | null | undefined; assigned_to_id?: string | ... 1 more ... | undefined; source_id?: number | ... 1 more ... | undefined; curso_intere...'.
                Type 'FieldValues' is missing the following properties from type '{ nome_completo: string; telefone: string; valor_oportunidade: number; email?: string | undefined; observacoes?: string | null | undefined; temperatura?: "frio" | "morno" | "quente" | null | undefined; assigned_to_id?: string | ... 1 more ... | undefined; source_id?: number | ... 1 more ... | undefined; curso_intere...': nome_completo, telefone, valor_oportunidade
src/components/kanban/EditLeadDialog.tsx(204,56): error TS2719: Type 'import("C:/Users/ojuli/COMERCIAL-FICV/node_modules/react-hook-form/dist/types/form").Control<{ nome_completo: string; telefone: string; valor_oportunidade: number; email?: string | undefined; observacoes?: string | null | undefined; temperatura?: "frio" | "morno" | "quente" | null | undefined; assigned_to_id?: strin...' is not assignable to type 'import("C:/Users/ojuli/COMERCIAL-FICV/node_modules/react-hook-form/dist/types/form").Control<{ nome_completo: string; telefone: string; valor_oportunidade: number; email?: string | undefined; observacoes?: string | null | undefined; temperatura?: "frio" | "morno" | "quente" | null | undefined; assigned_to_id?: strin...'. Two different types with this name exist, but they are unrelated.
  The types of '_options.resolver' are incompatible between these types.
    Type 'import("C:/Users/ojuli/COMERCIAL-FICV/node_modules/react-hook-form/dist/types/resolvers").Resolver<{ nome_completo: string; telefone: string; valor_oportunidade: number; email?: string | undefined; observacoes?: string | null | undefined; temperatura?: "frio" | "morno" | "quente" | null | undefined; assigned_to_id?:...' is not assignable to type 'import("C:/Users/ojuli/COMERCIAL-FICV/node_modules/react-hook-form/dist/types/resolvers").Resolver<{ nome_completo: string; telefone: string; valor_oportunidade: number; email?: string | undefined; observacoes?: string | null | undefined; temperatura?: "frio" | "morno" | "quente" | null | undefined; assigned_to_id?:...'. Two different types with this name exist, but they are unrelated.
      Type 'import("C:/Users/ojuli/COMERCIAL-FICV/node_modules/react-hook-form/dist/types/resolvers").Resolver<{ nome_completo: string; telefone: string; valor_oportunidade: number; email?: string | undefined; observacoes?: string | null | undefined; temperatura?: "frio" | "morno" | "quente" | null | undefined; assigned_to_id?:...' is not assignable to type 'import("C:/Users/ojuli/COMERCIAL-FICV/node_modules/react-hook-form/dist/types/resolvers").Resolver<{ nome_completo: string; telefone: string; valor_oportunidade: number; email?: string | undefined; observacoes?: string | null | undefined; temperatura?: "frio" | "morno" | "quente" | null | undefined; assigned_to_id?:...'. Two different types with this name exist, but they are unrelated.
        Type 'import("C:/Users/ojuli/COMERCIAL-FICV/node_modules/react-hook-form/dist/types/resolvers").ResolverResult<{ nome_completo: string; telefone: string; valor_oportunidade: number; email?: string | undefined; observacoes?: string | null | undefined; temperatura?: "frio" | "morno" | "quente" | null | undefined; assigned_t...' is not assignable to type 'import("C:/Users/ojuli/COMERCIAL-FICV/node_modules/react-hook-form/dist/types/resolvers").ResolverResult<{ nome_completo: string; telefone: string; valor_oportunidade: number; email?: string | undefined; observacoes?: string | null | undefined; temperatura?: "frio" | "morno" | "quente" | null | undefined; assigned_t...'. Two different types with this name exist, but they are unrelated.
          Type 'ResolverSuccess<TFieldValues>' is not assignable to type 'ResolverResult<{ nome_completo: string; telefone: string; valor_oportunidade: number; email?: string | undefined; observacoes?: string | null | undefined; temperatura?: "frio" | "morno" | "quente" | null | undefined; assigned_to_id?: string | ... 1 more ... | undefined; source_id?: number | ... 1 more ... | undefine...'.
            Type 'ResolverSuccess<TFieldValues>' is not assignable to type 'ResolverSuccess<{ nome_completo: string; telefone: string; valor_oportunidade: number; email?: string | undefined; observacoes?: string | null | undefined; temperatura?: "frio" | "morno" | "quente" | null | undefined; assigned_to_id?: string | ... 1 more ... | undefined; source_id?: number | ... 1 more ... | undefin...'.
              Type 'TFieldValues' is not assignable to type '{ nome_completo: string; telefone: string; valor_oportunidade: number; email?: string | undefined; observacoes?: string | null | undefined; temperatura?: "frio" | "morno" | "quente" | null | undefined; assigned_to_id?: string | ... 1 more ... | undefined; source_id?: number | ... 1 more ... | undefined; curso_intere...'.
                Type 'FieldValues' is missing the following properties from type '{ nome_completo: string; telefone: string; valor_oportunidade: number; email?: string | undefined; observacoes?: string | null | undefined; temperatura?: "frio" | "morno" | "quente" | null | undefined; assigned_to_id?: string | ... 1 more ... | undefined; source_id?: number | ... 1 more ... | undefined; curso_intere...': nome_completo, telefone, valor_oportunidade
src/components/kanban/EditLeadDialog.tsx(207,56): error TS2719: Type 'import("C:/Users/ojuli/COMERCIAL-FICV/node_modules/react-hook-form/dist/types/form").Control<{ nome_completo: string; telefone: string; valor_oportunidade: number; email?: string | undefined; observacoes?: string | null | undefined; temperatura?: "frio" | "morno" | "quente" | null | undefined; assigned_to_id?: strin...' is not assignable to type 'import("C:/Users/ojuli/COMERCIAL-FICV/node_modules/react-hook-form/dist/types/form").Control<{ nome_completo: string; telefone: string; valor_oportunidade: number; email?: string | undefined; observacoes?: string | null | undefined; temperatura?: "frio" | "morno" | "quente" | null | undefined; assigned_to_id?: strin...'. Two different types with this name exist, but they are unrelated.
  The types of '_options.resolver' are incompatible between these types.
    Type 'import("C:/Users/ojuli/COMERCIAL-FICV/node_modules/react-hook-form/dist/types/resolvers").Resolver<{ nome_completo: string; telefone: string; valor_oportunidade: number; email?: string | undefined; observacoes?: string | null | undefined; temperatura?: "frio" | "morno" | "quente" | null | undefined; assigned_to_id?:...' is not assignable to type 'import("C:/Users/ojuli/COMERCIAL-FICV/node_modules/react-hook-form/dist/types/resolvers").Resolver<{ nome_completo: string; telefone: string; valor_oportunidade: number; email?: string | undefined; observacoes?: string | null | undefined; temperatura?: "frio" | "morno" | "quente" | null | undefined; assigned_to_id?:...'. Two different types with this name exist, but they are unrelated.
      Type 'import("C:/Users/ojuli/COMERCIAL-FICV/node_modules/react-hook-form/dist/types/resolvers").Resolver<{ nome_completo: string; telefone: string; valor_oportunidade: number; email?: string | undefined; observacoes?: string | null | undefined; temperatura?: "frio" | "morno" | "quente" | null | undefined; assigned_to_id?:...' is not assignable to type 'import("C:/Users/ojuli/COMERCIAL-FICV/node_modules/react-hook-form/dist/types/resolvers").Resolver<{ nome_completo: string; telefone: string; valor_oportunidade: number; email?: string | undefined; observacoes?: string | null | undefined; temperatura?: "frio" | "morno" | "quente" | null | undefined; assigned_to_id?:...'. Two different types with this name exist, but they are unrelated.
        Type 'import("C:/Users/ojuli/COMERCIAL-FICV/node_modules/react-hook-form/dist/types/resolvers").ResolverResult<{ nome_completo: string; telefone: string; valor_oportunidade: number; email?: string | undefined; observacoes?: string | null | undefined; temperatura?: "frio" | "morno" | "quente" | null | undefined; assigned_t...' is not assignable to type 'import("C:/Users/ojuli/COMERCIAL-FICV/node_modules/react-hook-form/dist/types/resolvers").ResolverResult<{ nome_completo: string; telefone: string; valor_oportunidade: number; email?: string | undefined; observacoes?: string | null | undefined; temperatura?: "frio" | "morno" | "quente" | null | undefined; assigned_t...'. Two different types with this name exist, but they are unrelated.
          Type 'ResolverSuccess<TFieldValues>' is not assignable to type 'ResolverResult<{ nome_completo: string; telefone: string; valor_oportunidade: number; email?: string | undefined; observacoes?: string | null | undefined; temperatura?: "frio" | "morno" | "quente" | null | undefined; assigned_to_id?: string | ... 1 more ... | undefined; source_id?: number | ... 1 more ... | undefine...'.
            Type 'ResolverSuccess<TFieldValues>' is not assignable to type 'ResolverSuccess<{ nome_completo: string; telefone: string; valor_oportunidade: number; email?: string | undefined; observacoes?: string | null | undefined; temperatura?: "frio" | "morno" | "quente" | null | undefined; assigned_to_id?: string | ... 1 more ... | undefined; source_id?: number | ... 1 more ... | undefin...'.
              Type 'TFieldValues' is not assignable to type '{ nome_completo: string; telefone: string; valor_oportunidade: number; email?: string | undefined; observacoes?: string | null | undefined; temperatura?: "frio" | "morno" | "quente" | null | undefined; assigned_to_id?: string | ... 1 more ... | undefined; source_id?: number | ... 1 more ... | undefined; curso_intere...'.
                Type 'FieldValues' is missing the following properties from type '{ nome_completo: string; telefone: string; valor_oportunidade: number; email?: string | undefined; observacoes?: string | null | undefined; temperatura?: "frio" | "morno" | "quente" | null | undefined; assigned_to_id?: string | ... 1 more ... | undefined; source_id?: number | ... 1 more ... | undefined; curso_intere...': nome_completo, telefone, valor_oportunidade
src/components/kanban/EditLeadDialog.tsx(212,45): error TS2719: Type 'import("C:/Users/ojuli/COMERCIAL-FICV/node_modules/react-hook-form/dist/types/form").Control<{ nome_completo: string; telefone: string; valor_oportunidade: number; email?: string | undefined; observacoes?: string | null | undefined; temperatura?: "frio" | "morno" | "quente" | null | undefined; assigned_to_id?: strin...' is not assignable to type 'import("C:/Users/ojuli/COMERCIAL-FICV/node_modules/react-hook-form/dist/types/form").Control<{ nome_completo: string; telefone: string; valor_oportunidade: number; email?: string | undefined; observacoes?: string | null | undefined; temperatura?: "frio" | "morno" | "quente" | null | undefined; assigned_to_id?: strin...'. Two different types with this name exist, but they are unrelated.
  The types of '_options.resolver' are incompatible between these types.
    Type 'import("C:/Users/ojuli/COMERCIAL-FICV/node_modules/react-hook-form/dist/types/resolvers").Resolver<{ nome_completo: string; telefone: string; valor_oportunidade: number; email?: string | undefined; observacoes?: string | null | undefined; temperatura?: "frio" | "morno" | "quente" | null | undefined; assigned_to_id?:...' is not assignable to type 'import("C:/Users/ojuli/COMERCIAL-FICV/node_modules/react-hook-form/dist/types/resolvers").Resolver<{ nome_completo: string; telefone: string; valor_oportunidade: number; email?: string | undefined; observacoes?: string | null | undefined; temperatura?: "frio" | "morno" | "quente" | null | undefined; assigned_to_id?:...'. Two different types with this name exist, but they are unrelated.
      Type 'import("C:/Users/ojuli/COMERCIAL-FICV/node_modules/react-hook-form/dist/types/resolvers").Resolver<{ nome_completo: string; telefone: string; valor_oportunidade: number; email?: string | undefined; observacoes?: string | null | undefined; temperatura?: "frio" | "morno" | "quente" | null | undefined; assigned_to_id?:...' is not assignable to type 'import("C:/Users/ojuli/COMERCIAL-FICV/node_modules/react-hook-form/dist/types/resolvers").Resolver<{ nome_completo: string; telefone: string; valor_oportunidade: number; email?: string | undefined; observacoes?: string | null | undefined; temperatura?: "frio" | "morno" | "quente" | null | undefined; assigned_to_id?:...'. Two different types with this name exist, but they are unrelated.
        Type 'import("C:/Users/ojuli/COMERCIAL-FICV/node_modules/react-hook-form/dist/types/resolvers").ResolverResult<{ nome_completo: string; telefone: string; valor_oportunidade: number; email?: string | undefined; observacoes?: string | null | undefined; temperatura?: "frio" | "morno" | "quente" | null | undefined; assigned_t...' is not assignable to type 'import("C:/Users/ojuli/COMERCIAL-FICV/node_modules/react-hook-form/dist/types/resolvers").ResolverResult<{ nome_completo: string; telefone: string; valor_oportunidade: number; email?: string | undefined; observacoes?: string | null | undefined; temperatura?: "frio" | "morno" | "quente" | null | undefined; assigned_t...'. Two different types with this name exist, but they are unrelated.
          Type 'ResolverSuccess<TFieldValues>' is not assignable to type 'ResolverResult<{ nome_completo: string; telefone: string; valor_oportunidade: number; email?: string | undefined; observacoes?: string | null | undefined; temperatura?: "frio" | "morno" | "quente" | null | undefined; assigned_to_id?: string | ... 1 more ... | undefined; source_id?: number | ... 1 more ... | undefine...'.
            Type 'ResolverSuccess<TFieldValues>' is not assignable to type 'ResolverSuccess<{ nome_completo: string; telefone: string; valor_oportunidade: number; email?: string | undefined; observacoes?: string | null | undefined; temperatura?: "frio" | "morno" | "quente" | null | undefined; assigned_to_id?: string | ... 1 more ... | undefined; source_id?: number | ... 1 more ... | undefin...'.
              Type 'TFieldValues' is not assignable to type '{ nome_completo: string; telefone: string; valor_oportunidade: number; email?: string | undefined; observacoes?: string | null | undefined; temperatura?: "frio" | "morno" | "quente" | null | undefined; assigned_to_id?: string | ... 1 more ... | undefined; source_id?: number | ... 1 more ... | undefined; curso_intere...'.
                Type 'FieldValues' is missing the following properties from type '{ nome_completo: string; telefone: string; valor_oportunidade: number; email?: string | undefined; observacoes?: string | null | undefined; temperatura?: "frio" | "morno" | "quente" | null | undefined; assigned_to_id?: string | ... 1 more ... | undefined; source_id?: number | ... 1 more ... | undefined; curso_intere...': nome_completo, telefone, valor_oportunidade
src/components/kanban/EditLeadDialog.tsx(240,52): error TS2719: Type 'import("C:/Users/ojuli/COMERCIAL-FICV/node_modules/react-hook-form/dist/types/form").Control<{ nome_completo: string; telefone: string; valor_oportunidade: number; email?: string | undefined; observacoes?: string | null | undefined; temperatura?: "frio" | "morno" | "quente" | null | undefined; assigned_to_id?: strin...' is not assignable to type 'import("C:/Users/ojuli/COMERCIAL-FICV/node_modules/react-hook-form/dist/types/form").Control<{ nome_completo: string; telefone: string; valor_oportunidade: number; email?: string | undefined; observacoes?: string | null | undefined; temperatura?: "frio" | "morno" | "quente" | null | undefined; assigned_to_id?: strin...'. Two different types with this name exist, but they are unrelated.
  The types of '_options.resolver' are incompatible between these types.
    Type 'import("C:/Users/ojuli/COMERCIAL-FICV/node_modules/react-hook-form/dist/types/resolvers").Resolver<{ nome_completo: string; telefone: string; valor_oportunidade: number; email?: string | undefined; observacoes?: string | null | undefined; temperatura?: "frio" | "morno" | "quente" | null | undefined; assigned_to_id?:...' is not assignable to type 'import("C:/Users/ojuli/COMERCIAL-FICV/node_modules/react-hook-form/dist/types/resolvers").Resolver<{ nome_completo: string; telefone: string; valor_oportunidade: number; email?: string | undefined; observacoes?: string | null | undefined; temperatura?: "frio" | "morno" | "quente" | null | undefined; assigned_to_id?:...'. Two different types with this name exist, but they are unrelated.
      Type 'import("C:/Users/ojuli/COMERCIAL-FICV/node_modules/react-hook-form/dist/types/resolvers").Resolver<{ nome_completo: string; telefone: string; valor_oportunidade: number; email?: string | undefined; observacoes?: string | null | undefined; temperatura?: "frio" | "morno" | "quente" | null | undefined; assigned_to_id?:...' is not assignable to type 'import("C:/Users/ojuli/COMERCIAL-FICV/node_modules/react-hook-form/dist/types/resolvers").Resolver<{ nome_completo: string; telefone: string; valor_oportunidade: number; email?: string | undefined; observacoes?: string | null | undefined; temperatura?: "frio" | "morno" | "quente" | null | undefined; assigned_to_id?:...'. Two different types with this name exist, but they are unrelated.
        Type 'import("C:/Users/ojuli/COMERCIAL-FICV/node_modules/react-hook-form/dist/types/resolvers").ResolverResult<{ nome_completo: string; telefone: string; valor_oportunidade: number; email?: string | undefined; observacoes?: string | null | undefined; temperatura?: "frio" | "morno" | "quente" | null | undefined; assigned_t...' is not assignable to type 'import("C:/Users/ojuli/COMERCIAL-FICV/node_modules/react-hook-form/dist/types/resolvers").ResolverResult<{ nome_completo: string; telefone: string; valor_oportunidade: number; email?: string | undefined; observacoes?: string | null | undefined; temperatura?: "frio" | "morno" | "quente" | null | undefined; assigned_t...'. Two different types with this name exist, but they are unrelated.
          Type 'ResolverSuccess<TFieldValues>' is not assignable to type 'ResolverResult<{ nome_completo: string; telefone: string; valor_oportunidade: number; email?: string | undefined; observacoes?: string | null | undefined; temperatura?: "frio" | "morno" | "quente" | null | undefined; assigned_to_id?: string | ... 1 more ... | undefined; source_id?: number | ... 1 more ... | undefine...'.
            Type 'ResolverSuccess<TFieldValues>' is not assignable to type 'ResolverSuccess<{ nome_completo: string; telefone: string; valor_oportunidade: number; email?: string | undefined; observacoes?: string | null | undefined; temperatura?: "frio" | "morno" | "quente" | null | undefined; assigned_to_id?: string | ... 1 more ... | undefined; source_id?: number | ... 1 more ... | undefin...'.
              Type 'TFieldValues' is not assignable to type '{ nome_completo: string; telefone: string; valor_oportunidade: number; email?: string | undefined; observacoes?: string | null | undefined; temperatura?: "frio" | "morno" | "quente" | null | undefined; assigned_to_id?: string | ... 1 more ... | undefined; source_id?: number | ... 1 more ... | undefined; curso_intere...'.
                Type 'FieldValues' is missing the following properties from type '{ nome_completo: string; telefone: string; valor_oportunidade: number; email?: string | undefined; observacoes?: string | null | undefined; temperatura?: "frio" | "morno" | "quente" | null | undefined; assigned_to_id?: string | ... 1 more ... | undefined; source_id?: number | ... 1 more ... | undefined; curso_intere...': nome_completo, telefone, valor_oportunidade
src/components/kanban/EditLeadDialog.tsx(243,52): error TS2719: Type 'import("C:/Users/ojuli/COMERCIAL-FICV/node_modules/react-hook-form/dist/types/form").Control<{ nome_completo: string; telefone: string; valor_oportunidade: number; email?: string | undefined; observacoes?: string | null | undefined; temperatura?: "frio" | "morno" | "quente" | null | undefined; assigned_to_id?: strin...' is not assignable to type 'import("C:/Users/ojuli/COMERCIAL-FICV/node_modules/react-hook-form/dist/types/form").Control<{ nome_completo: string; telefone: string; valor_oportunidade: number; email?: string | undefined; observacoes?: string | null | undefined; temperatura?: "frio" | "morno" | "quente" | null | undefined; assigned_to_id?: strin...'. Two different types with this name exist, but they are unrelated.
  The types of '_options.resolver' are incompatible between these types.
    Type 'import("C:/Users/ojuli/COMERCIAL-FICV/node_modules/react-hook-form/dist/types/resolvers").Resolver<{ nome_completo: string; telefone: string; valor_oportunidade: number; email?: string | undefined; observacoes?: string | null | undefined; temperatura?: "frio" | "morno" | "quente" | null | undefined; assigned_to_id?:...' is not assignable to type 'import("C:/Users/ojuli/COMERCIAL-FICV/node_modules/react-hook-form/dist/types/resolvers").Resolver<{ nome_completo: string; telefone: string; valor_oportunidade: number; email?: string | undefined; observacoes?: string | null | undefined; temperatura?: "frio" | "morno" | "quente" | null | undefined; assigned_to_id?:...'. Two different types with this name exist, but they are unrelated.
      Type 'import("C:/Users/ojuli/COMERCIAL-FICV/node_modules/react-hook-form/dist/types/resolvers").Resolver<{ nome_completo: string; telefone: string; valor_oportunidade: number; email?: string | undefined; observacoes?: string | null | undefined; temperatura?: "frio" | "morno" | "quente" | null | undefined; assigned_to_id?:...' is not assignable to type 'import("C:/Users/ojuli/COMERCIAL-FICV/node_modules/react-hook-form/dist/types/resolvers").Resolver<{ nome_completo: string; telefone: string; valor_oportunidade: number; email?: string | undefined; observacoes?: string | null | undefined; temperatura?: "frio" | "morno" | "quente" | null | undefined; assigned_to_id?:...'. Two different types with this name exist, but they are unrelated.
        Type 'import("C:/Users/ojuli/COMERCIAL-FICV/node_modules/react-hook-form/dist/types/resolvers").ResolverResult<{ nome_completo: string; telefone: string; valor_oportunidade: number; email?: string | undefined; observacoes?: string | null | undefined; temperatura?: "frio" | "morno" | "quente" | null | undefined; assigned_t...' is not assignable to type 'import("C:/Users/ojuli/COMERCIAL-FICV/node_modules/react-hook-form/dist/types/resolvers").ResolverResult<{ nome_completo: string; telefone: string; valor_oportunidade: number; email?: string | undefined; observacoes?: string | null | undefined; temperatura?: "frio" | "morno" | "quente" | null | undefined; assigned_t...'. Two different types with this name exist, but they are unrelated.
          Type 'ResolverSuccess<TFieldValues>' is not assignable to type 'ResolverResult<{ nome_completo: string; telefone: string; valor_oportunidade: number; email?: string | undefined; observacoes?: string | null | undefined; temperatura?: "frio" | "morno" | "quente" | null | undefined; assigned_to_id?: string | ... 1 more ... | undefined; source_id?: number | ... 1 more ... | undefine...'.
            Type 'ResolverSuccess<TFieldValues>' is not assignable to type 'ResolverSuccess<{ nome_completo: string; telefone: string; valor_oportunidade: number; email?: string | undefined; observacoes?: string | null | undefined; temperatura?: "frio" | "morno" | "quente" | null | undefined; assigned_to_id?: string | ... 1 more ... | undefined; source_id?: number | ... 1 more ... | undefin...'.
              Type 'TFieldValues' is not assignable to type '{ nome_completo: string; telefone: string; valor_oportunidade: number; email?: string | undefined; observacoes?: string | null | undefined; temperatura?: "frio" | "morno" | "quente" | null | undefined; assigned_to_id?: string | ... 1 more ... | undefined; source_id?: number | ... 1 more ... | undefined; curso_intere...'.
                Type 'FieldValues' is missing the following properties from type '{ nome_completo: string; telefone: string; valor_oportunidade: number; email?: string | undefined; observacoes?: string | null | undefined; temperatura?: "frio" | "morno" | "quente" | null | undefined; assigned_to_id?: string | ... 1 more ... | undefined; source_id?: number | ... 1 more ... | undefined; curso_intere...': nome_completo, telefone, valor_oportunidade
src/components/kanban/EditLeadDialog.tsx(247,52): error TS2719: Type 'import("C:/Users/ojuli/COMERCIAL-FICV/node_modules/react-hook-form/dist/types/form").Control<{ nome_completo: string; telefone: string; valor_oportunidade: number; email?: string | undefined; observacoes?: string | null | undefined; temperatura?: "frio" | "morno" | "quente" | null | undefined; assigned_to_id?: strin...' is not assignable to type 'import("C:/Users/ojuli/COMERCIAL-FICV/node_modules/react-hook-form/dist/types/form").Control<{ nome_completo: string; telefone: string; valor_oportunidade: number; email?: string | undefined; observacoes?: string | null | undefined; temperatura?: "frio" | "morno" | "quente" | null | undefined; assigned_to_id?: strin...'. Two different types with this name exist, but they are unrelated.
  The types of '_options.resolver' are incompatible between these types.
    Type 'import("C:/Users/ojuli/COMERCIAL-FICV/node_modules/react-hook-form/dist/types/resolvers").Resolver<{ nome_completo: string; telefone: string; valor_oportunidade: number; email?: string | undefined; observacoes?: string | null | undefined; temperatura?: "frio" | "morno" | "quente" | null | undefined; assigned_to_id?:...' is not assignable to type 'import("C:/Users/ojuli/COMERCIAL-FICV/node_modules/react-hook-form/dist/types/resolvers").Resolver<{ nome_completo: string; telefone: string; valor_oportunidade: number; email?: string | undefined; observacoes?: string | null | undefined; temperatura?: "frio" | "morno" | "quente" | null | undefined; assigned_to_id?:...'. Two different types with this name exist, but they are unrelated.
      Type 'import("C:/Users/ojuli/COMERCIAL-FICV/node_modules/react-hook-form/dist/types/resolvers").Resolver<{ nome_completo: string; telefone: string; valor_oportunidade: number; email?: string | undefined; observacoes?: string | null | undefined; temperatura?: "frio" | "morno" | "quente" | null | undefined; assigned_to_id?:...' is not assignable to type 'import("C:/Users/ojuli/COMERCIAL-FICV/node_modules/react-hook-form/dist/types/resolvers").Resolver<{ nome_completo: string; telefone: string; valor_oportunidade: number; email?: string | undefined; observacoes?: string | null | undefined; temperatura?: "frio" | "morno" | "quente" | null | undefined; assigned_to_id?:...'. Two different types with this name exist, but they are unrelated.
        Type 'import("C:/Users/ojuli/COMERCIAL-FICV/node_modules/react-hook-form/dist/types/resolvers").ResolverResult<{ nome_completo: string; telefone: string; valor_oportunidade: number; email?: string | undefined; observacoes?: string | null | undefined; temperatura?: "frio" | "morno" | "quente" | null | undefined; assigned_t...' is not assignable to type 'import("C:/Users/ojuli/COMERCIAL-FICV/node_modules/react-hook-form/dist/types/resolvers").ResolverResult<{ nome_completo: string; telefone: string; valor_oportunidade: number; email?: string | undefined; observacoes?: string | null | undefined; temperatura?: "frio" | "morno" | "quente" | null | undefined; assigned_t...'. Two different types with this name exist, but they are unrelated.
          Type 'ResolverSuccess<TFieldValues>' is not assignable to type 'ResolverResult<{ nome_completo: string; telefone: string; valor_oportunidade: number; email?: string | undefined; observacoes?: string | null | undefined; temperatura?: "frio" | "morno" | "quente" | null | undefined; assigned_to_id?: string | ... 1 more ... | undefined; source_id?: number | ... 1 more ... | undefine...'.
            Type 'ResolverSuccess<TFieldValues>' is not assignable to type 'ResolverSuccess<{ nome_completo: string; telefone: string; valor_oportunidade: number; email?: string | undefined; observacoes?: string | null | undefined; temperatura?: "frio" | "morno" | "quente" | null | undefined; assigned_to_id?: string | ... 1 more ... | undefined; source_id?: number | ... 1 more ... | undefin...'.
              Type 'TFieldValues' is not assignable to type '{ nome_completo: string; telefone: string; valor_oportunidade: number; email?: string | undefined; observacoes?: string | null | undefined; temperatura?: "frio" | "morno" | "quente" | null | undefined; assigned_to_id?: string | ... 1 more ... | undefined; source_id?: number | ... 1 more ... | undefined; curso_intere...'.
                Type 'FieldValues' is missing the following properties from type '{ nome_completo: string; telefone: string; valor_oportunidade: number; email?: string | undefined; observacoes?: string | null | undefined; temperatura?: "frio" | "morno" | "quente" | null | undefined; assigned_to_id?: string | ... 1 more ... | undefined; source_id?: number | ... 1 more ... | undefined; curso_intere...': nome_completo, telefone, valor_oportunidade
src/components/kanban/LossReasonDialog.tsx(59,9): error TS2322: Type 'Resolver<{ motivo_perda_id: unknown; }, any, { motivo_perda_id: number; }>' is not assignable to type 'Resolver<{ motivo_perda_id: number; }, any, { motivo_perda_id: number; }>'.
  Types of parameters 'options' and 'options' are incompatible.
    Type 'ResolverOptions<{ motivo_perda_id: number; }>' is not assignable to type 'ResolverOptions<{ motivo_perda_id: unknown; }>'.
      Type 'unknown' is not assignable to type 'number'.
src/components/kanban/LossReasonDialog.tsx(96,55): error TS2345: Argument of type '(values: { motivo_perda_id: number; }) => void' is not assignable to parameter of type 'SubmitHandler<TFieldValues>'.
  Types of parameters 'values' and 'data' are incompatible.
    Type 'TFieldValues' is not assignable to type '{ motivo_perda_id: number; }'.
      Property 'motivo_perda_id' is missing in type 'FieldValues' but required in type '{ motivo_perda_id: number; }'.
src/components/kanban/LossReasonDialog.tsx(98,29): error TS2322: Type 'Control<{ motivo_perda_id: number; }, any, TFieldValues>' is not assignable to type 'Control<{ motivo_perda_id: number; }, any, { motivo_perda_id: number; }>'.
  The types of '_options.resolver' are incompatible between these types.
    Type 'Resolver<{ motivo_perda_id: number; }, any, TFieldValues> | undefined' is not assignable to type 'Resolver<{ motivo_perda_id: number; }, any, { motivo_perda_id: number; }> | undefined'.
      Type 'Resolver<{ motivo_perda_id: number; }, any, TFieldValues>' is not assignable to type 'Resolver<{ motivo_perda_id: number; }, any, { motivo_perda_id: number; }>'.
        Type 'ResolverResult<{ motivo_perda_id: number; }, TFieldValues> | Promise<ResolverResult<{ motivo_perda_id: number; }, TFieldValues>>' is not assignable to type 'ResolverResult<{ motivo_perda_id: number; }, { motivo_perda_id: number; }> | Promise<ResolverResult<{ motivo_perda_id: number; }, { motivo_perda_id: number; }>>'.
          Type 'ResolverSuccess<TFieldValues>' is not assignable to type 'ResolverResult<{ motivo_perda_id: number; }, { motivo_perda_id: number; }> | Promise<ResolverResult<{ motivo_perda_id: number; }, { motivo_perda_id: number; }>>'.
            Type 'ResolverSuccess<TFieldValues>' is not assignable to type 'ResolverSuccess<{ motivo_perda_id: number; }>'.
              Type 'TFieldValues' is not assignable to type '{ motivo_perda_id: number; }'.
                Property 'motivo_perda_id' is missing in type 'FieldValues' but required in type '{ motivo_perda_id: number; }'.
src/components/kanban/NewLeadForm.tsx(72,9): error TS2322: Type 'Resolver<{ nome_completo: string; telefone: string; stage_id: unknown; email?: string | undefined; valor_oportunidade?: unknown; observacoes?: string | undefined; curso_interesse?: unknown; source_id?: unknown; }, any, { nome_completo: string; ... 6 more ...; source_id?: number | ... 1 more ... | undefined; }>' is not assignable to type 'Resolver<{ nome_completo: string; telefone: string; valor_oportunidade: number; stage_id: number; email?: string | undefined; observacoes?: string | undefined; curso_interesse?: number | null | undefined; source_id?: number | ... 1 more ... | undefined; }, any, { ...; }>'.
  Types of parameters 'options' and 'options' are incompatible.
    Type 'ResolverOptions<{ nome_completo: string; telefone: string; valor_oportunidade: number; stage_id: number; email?: string | undefined; observacoes?: string | undefined; curso_interesse?: number | null | undefined; source_id?: number | ... 1 more ... | undefined; }>' is not assignable to type 'ResolverOptions<{ nome_completo: string; telefone: string; stage_id: unknown; email?: string | undefined; valor_oportunidade?: unknown; observacoes?: string | undefined; curso_interesse?: unknown; source_id?: unknown; }>'.
      Type 'unknown' is not assignable to type 'number'.
src/components/kanban/NewLeadForm.tsx(128,47): error TS2345: Argument of type '(values: { nome_completo: string; telefone: string; valor_oportunidade: number; stage_id: number; email?: string | undefined; observacoes?: string | undefined; curso_interesse?: number | null | undefined; source_id?: number | ... 1 more ... | undefined; }) => void' is not assignable to parameter of type 'SubmitHandler<TFieldValues>'.
  Types of parameters 'values' and 'data' are incompatible.
    Type 'TFieldValues' is not assignable to type '{ nome_completo: string; telefone: string; valor_oportunidade: number; stage_id: number; email?: string | undefined; observacoes?: string | undefined; curso_interesse?: number | null | undefined; source_id?: number | ... 1 more ... | undefined; }'.
      Type 'FieldValues' is missing the following properties from type '{ nome_completo: string; telefone: string; valor_oportunidade: number; stage_id: number; email?: string | undefined; observacoes?: string | undefined; curso_interesse?: number | null | undefined; source_id?: number | ... 1 more ... | undefined; }': nome_completo, telefone, valor_oportunidade, stage_id
src/components/kanban/NewLeadForm.tsx(129,28): error TS2322: Type 'Control<{ nome_completo: string; telefone: string; valor_oportunidade: number; stage_id: number; email?: string | undefined; observacoes?: string | undefined; curso_interesse?: number | null | undefined; source_id?: number | ... 1 more ... | undefined; }, any, TFieldValues>' is not assignable to type 'Control<{ nome_completo: string; telefone: string; valor_oportunidade: number; stage_id: number; email?: string | undefined; observacoes?: string | undefined; curso_interesse?: number | null | undefined; source_id?: number | ... 1 more ... | undefined; }, any, { ...; }>'.
  The types of '_options.resolver' are incompatible between these types.
    Type 'Resolver<{ nome_completo: string; telefone: string; valor_oportunidade: number; stage_id: number; email?: string | undefined; observacoes?: string | undefined; curso_interesse?: number | null | undefined; source_id?: number | ... 1 more ... | undefined; }, any, TFieldValues> | undefined' is not assignable to type 'Resolver<{ nome_completo: string; telefone: string; valor_oportunidade: number; stage_id: number; email?: string | undefined; observacoes?: string | undefined; curso_interesse?: number | null | undefined; source_id?: number | ... 1 more ... | undefined; }, any, { ...; }> | undefined'.
      Type 'Resolver<{ nome_completo: string; telefone: string; valor_oportunidade: number; stage_id: number; email?: string | undefined; observacoes?: string | undefined; curso_interesse?: number | null | undefined; source_id?: number | ... 1 more ... | undefined; }, any, TFieldValues>' is not assignable to type 'Resolver<{ nome_completo: string; telefone: string; valor_oportunidade: number; stage_id: number; email?: string | undefined; observacoes?: string | undefined; curso_interesse?: number | null | undefined; source_id?: number | ... 1 more ... | undefined; }, any, { ...; }>'.
        Type 'ResolverResult<{ nome_completo: string; telefone: string; valor_oportunidade: number; stage_id: number; email?: string | undefined; observacoes?: string | undefined; curso_interesse?: number | null | undefined; source_id?: number | ... 1 more ... | undefined; }, TFieldValues> | Promise<...>' is not assignable to type 'ResolverResult<{ nome_completo: string; telefone: string; valor_oportunidade: number; stage_id: number; email?: string | undefined; observacoes?: string | undefined; curso_interesse?: number | null | undefined; source_id?: number | ... 1 more ... | undefined; }, { ...; }> | Promise<...>'.
          Type 'ResolverSuccess<TFieldValues>' is not assignable to type 'ResolverResult<{ nome_completo: string; telefone: string; valor_oportunidade: number; stage_id: number; email?: string | undefined; observacoes?: string | undefined; curso_interesse?: number | null | undefined; source_id?: number | ... 1 more ... | undefined; }, { ...; }> | Promise<...>'.
            Type 'ResolverSuccess<TFieldValues>' is not assignable to type 'ResolverSuccess<{ nome_completo: string; telefone: string; valor_oportunidade: number; stage_id: number; email?: string | undefined; observacoes?: string | undefined; curso_interesse?: number | null | undefined; source_id?: number | ... 1 more ... | undefined; }>'.
              Type 'TFieldValues' is not assignable to type '{ nome_completo: string; telefone: string; valor_oportunidade: number; stage_id: number; email?: string | undefined; observacoes?: string | undefined; curso_interesse?: number | null | undefined; source_id?: number | ... 1 more ... | undefined; }'.
                Type 'FieldValues' is missing the following properties from type '{ nome_completo: string; telefone: string; valor_oportunidade: number; stage_id: number; email?: string | undefined; observacoes?: string | undefined; curso_interesse?: number | null | undefined; source_id?: number | ... 1 more ... | undefined; }': nome_completo, telefone, valor_oportunidade, stage_id
src/components/kanban/NewLeadForm.tsx(136,28): error TS2322: Type 'Control<{ nome_completo: string; telefone: string; valor_oportunidade: number; stage_id: number; email?: string | undefined; observacoes?: string | undefined; curso_interesse?: number | null | undefined; source_id?: number | ... 1 more ... | undefined; }, any, TFieldValues>' is not assignable to type 'Control<{ nome_completo: string; telefone: string; valor_oportunidade: number; stage_id: number; email?: string | undefined; observacoes?: string | undefined; curso_interesse?: number | null | undefined; source_id?: number | ... 1 more ... | undefined; }, any, { ...; }>'.
  The types of '_options.resolver' are incompatible between these types.
    Type 'Resolver<{ nome_completo: string; telefone: string; valor_oportunidade: number; stage_id: number; email?: string | undefined; observacoes?: string | undefined; curso_interesse?: number | null | undefined; source_id?: number | ... 1 more ... | undefined; }, any, TFieldValues> | undefined' is not assignable to type 'Resolver<{ nome_completo: string; telefone: string; valor_oportunidade: number; stage_id: number; email?: string | undefined; observacoes?: string | undefined; curso_interesse?: number | null | undefined; source_id?: number | ... 1 more ... | undefined; }, any, { ...; }> | undefined'.
      Type 'Resolver<{ nome_completo: string; telefone: string; valor_oportunidade: number; stage_id: number; email?: string | undefined; observacoes?: string | undefined; curso_interesse?: number | null | undefined; source_id?: number | ... 1 more ... | undefined; }, any, TFieldValues>' is not assignable to type 'Resolver<{ nome_completo: string; telefone: string; valor_oportunidade: number; stage_id: number; email?: string | undefined; observacoes?: string | undefined; curso_interesse?: number | null | undefined; source_id?: number | ... 1 more ... | undefined; }, any, { ...; }>'.
        Type 'ResolverResult<{ nome_completo: string; telefone: string; valor_oportunidade: number; stage_id: number; email?: string | undefined; observacoes?: string | undefined; curso_interesse?: number | null | undefined; source_id?: number | ... 1 more ... | undefined; }, TFieldValues> | Promise<...>' is not assignable to type 'ResolverResult<{ nome_completo: string; telefone: string; valor_oportunidade: number; stage_id: number; email?: string | undefined; observacoes?: string | undefined; curso_interesse?: number | null | undefined; source_id?: number | ... 1 more ... | undefined; }, { ...; }> | Promise<...>'.
          Type 'ResolverSuccess<TFieldValues>' is not assignable to type 'ResolverResult<{ nome_completo: string; telefone: string; valor_oportunidade: number; stage_id: number; email?: string | undefined; observacoes?: string | undefined; curso_interesse?: number | null | undefined; source_id?: number | ... 1 more ... | undefined; }, { ...; }> | Promise<...>'.
            Type 'ResolverSuccess<TFieldValues>' is not assignable to type 'ResolverSuccess<{ nome_completo: string; telefone: string; valor_oportunidade: number; stage_id: number; email?: string | undefined; observacoes?: string | undefined; curso_interesse?: number | null | undefined; source_id?: number | ... 1 more ... | undefined; }>'.
              Type 'TFieldValues' is not assignable to type '{ nome_completo: string; telefone: string; valor_oportunidade: number; stage_id: number; email?: string | undefined; observacoes?: string | undefined; curso_interesse?: number | null | undefined; source_id?: number | ... 1 more ... | undefined; }'.
                Type 'FieldValues' is missing the following properties from type '{ nome_completo: string; telefone: string; valor_oportunidade: number; stage_id: number; email?: string | undefined; observacoes?: string | undefined; curso_interesse?: number | null | undefined; source_id?: number | ... 1 more ... | undefined; }': nome_completo, telefone, valor_oportunidade, stage_id
src/components/kanban/NewLeadForm.tsx(143,28): error TS2322: Type 'Control<{ nome_completo: string; telefone: string; valor_oportunidade: number; stage_id: number; email?: string | undefined; observacoes?: string | undefined; curso_interesse?: number | null | undefined; source_id?: number | ... 1 more ... | undefined; }, any, TFieldValues>' is not assignable to type 'Control<{ nome_completo: string; telefone: string; valor_oportunidade: number; stage_id: number; email?: string | undefined; observacoes?: string | undefined; curso_interesse?: number | null | undefined; source_id?: number | ... 1 more ... | undefined; }, any, { ...; }>'.
  The types of '_options.resolver' are incompatible between these types.
    Type 'Resolver<{ nome_completo: string; telefone: string; valor_oportunidade: number; stage_id: number; email?: string | undefined; observacoes?: string | undefined; curso_interesse?: number | null | undefined; source_id?: number | ... 1 more ... | undefined; }, any, TFieldValues> | undefined' is not assignable to type 'Resolver<{ nome_completo: string; telefone: string; valor_oportunidade: number; stage_id: number; email?: string | undefined; observacoes?: string | undefined; curso_interesse?: number | null | undefined; source_id?: number | ... 1 more ... | undefined; }, any, { ...; }> | undefined'.
      Type 'Resolver<{ nome_completo: string; telefone: string; valor_oportunidade: number; stage_id: number; email?: string | undefined; observacoes?: string | undefined; curso_interesse?: number | null | undefined; source_id?: number | ... 1 more ... | undefined; }, any, TFieldValues>' is not assignable to type 'Resolver<{ nome_completo: string; telefone: string; valor_oportunidade: number; stage_id: number; email?: string | undefined; observacoes?: string | undefined; curso_interesse?: number | null | undefined; source_id?: number | ... 1 more ... | undefined; }, any, { ...; }>'.
        Type 'ResolverResult<{ nome_completo: string; telefone: string; valor_oportunidade: number; stage_id: number; email?: string | undefined; observacoes?: string | undefined; curso_interesse?: number | null | undefined; source_id?: number | ... 1 more ... | undefined; }, TFieldValues> | Promise<...>' is not assignable to type 'ResolverResult<{ nome_completo: string; telefone: string; valor_oportunidade: number; stage_id: number; email?: string | undefined; observacoes?: string | undefined; curso_interesse?: number | null | undefined; source_id?: number | ... 1 more ... | undefined; }, { ...; }> | Promise<...>'.
          Type 'ResolverSuccess<TFieldValues>' is not assignable to type 'ResolverResult<{ nome_completo: string; telefone: string; valor_oportunidade: number; stage_id: number; email?: string | undefined; observacoes?: string | undefined; curso_interesse?: number | null | undefined; source_id?: number | ... 1 more ... | undefined; }, { ...; }> | Promise<...>'.
            Type 'ResolverSuccess<TFieldValues>' is not assignable to type 'ResolverSuccess<{ nome_completo: string; telefone: string; valor_oportunidade: number; stage_id: number; email?: string | undefined; observacoes?: string | undefined; curso_interesse?: number | null | undefined; source_id?: number | ... 1 more ... | undefined; }>'.
              Type 'TFieldValues' is not assignable to type '{ nome_completo: string; telefone: string; valor_oportunidade: number; stage_id: number; email?: string | undefined; observacoes?: string | undefined; curso_interesse?: number | null | undefined; source_id?: number | ... 1 more ... | undefined; }'.
                Type 'FieldValues' is missing the following properties from type '{ nome_completo: string; telefone: string; valor_oportunidade: number; stage_id: number; email?: string | undefined; observacoes?: string | undefined; curso_interesse?: number | null | undefined; source_id?: number | ... 1 more ... | undefined; }': nome_completo, telefone, valor_oportunidade, stage_id
src/components/kanban/NewLeadForm.tsx(150,28): error TS2322: Type 'Control<{ nome_completo: string; telefone: string; valor_oportunidade: number; stage_id: number; email?: string | undefined; observacoes?: string | undefined; curso_interesse?: number | null | undefined; source_id?: number | ... 1 more ... | undefined; }, any, TFieldValues>' is not assignable to type 'Control<{ nome_completo: string; telefone: string; valor_oportunidade: number; stage_id: number; email?: string | undefined; observacoes?: string | undefined; curso_interesse?: number | null | undefined; source_id?: number | ... 1 more ... | undefined; }, any, { ...; }>'.
  The types of '_options.resolver' are incompatible between these types.
    Type 'Resolver<{ nome_completo: string; telefone: string; valor_oportunidade: number; stage_id: number; email?: string | undefined; observacoes?: string | undefined; curso_interesse?: number | null | undefined; source_id?: number | ... 1 more ... | undefined; }, any, TFieldValues> | undefined' is not assignable to type 'Resolver<{ nome_completo: string; telefone: string; valor_oportunidade: number; stage_id: number; email?: string | undefined; observacoes?: string | undefined; curso_interesse?: number | null | undefined; source_id?: number | ... 1 more ... | undefined; }, any, { ...; }> | undefined'.
      Type 'Resolver<{ nome_completo: string; telefone: string; valor_oportunidade: number; stage_id: number; email?: string | undefined; observacoes?: string | undefined; curso_interesse?: number | null | undefined; source_id?: number | ... 1 more ... | undefined; }, any, TFieldValues>' is not assignable to type 'Resolver<{ nome_completo: string; telefone: string; valor_oportunidade: number; stage_id: number; email?: string | undefined; observacoes?: string | undefined; curso_interesse?: number | null | undefined; source_id?: number | ... 1 more ... | undefined; }, any, { ...; }>'.
        Type 'ResolverResult<{ nome_completo: string; telefone: string; valor_oportunidade: number; stage_id: number; email?: string | undefined; observacoes?: string | undefined; curso_interesse?: number | null | undefined; source_id?: number | ... 1 more ... | undefined; }, TFieldValues> | Promise<...>' is not assignable to type 'ResolverResult<{ nome_completo: string; telefone: string; valor_oportunidade: number; stage_id: number; email?: string | undefined; observacoes?: string | undefined; curso_interesse?: number | null | undefined; source_id?: number | ... 1 more ... | undefined; }, { ...; }> | Promise<...>'.
          Type 'ResolverSuccess<TFieldValues>' is not assignable to type 'ResolverResult<{ nome_completo: string; telefone: string; valor_oportunidade: number; stage_id: number; email?: string | undefined; observacoes?: string | undefined; curso_interesse?: number | null | undefined; source_id?: number | ... 1 more ... | undefined; }, { ...; }> | Promise<...>'.
            Type 'ResolverSuccess<TFieldValues>' is not assignable to type 'ResolverSuccess<{ nome_completo: string; telefone: string; valor_oportunidade: number; stage_id: number; email?: string | undefined; observacoes?: string | undefined; curso_interesse?: number | null | undefined; source_id?: number | ... 1 more ... | undefined; }>'.
              Type 'TFieldValues' is not assignable to type '{ nome_completo: string; telefone: string; valor_oportunidade: number; stage_id: number; email?: string | undefined; observacoes?: string | undefined; curso_interesse?: number | null | undefined; source_id?: number | ... 1 more ... | undefined; }'.
                Type 'FieldValues' is missing the following properties from type '{ nome_completo: string; telefone: string; valor_oportunidade: number; stage_id: number; email?: string | undefined; observacoes?: string | undefined; curso_interesse?: number | null | undefined; source_id?: number | ... 1 more ... | undefined; }': nome_completo, telefone, valor_oportunidade, stage_id
src/components/kanban/NewLeadForm.tsx(158,32): error TS2322: Type 'Control<{ nome_completo: string; telefone: string; valor_oportunidade: number; stage_id: number; email?: string | undefined; observacoes?: string | undefined; curso_interesse?: number | null | undefined; source_id?: number | ... 1 more ... | undefined; }, any, TFieldValues>' is not assignable to type 'Control<{ nome_completo: string; telefone: string; valor_oportunidade: number; stage_id: number; email?: string | undefined; observacoes?: string | undefined; curso_interesse?: number | null | undefined; source_id?: number | ... 1 more ... | undefined; }, any, { ...; }>'.
  The types of '_options.resolver' are incompatible between these types.
    Type 'Resolver<{ nome_completo: string; telefone: string; valor_oportunidade: number; stage_id: number; email?: string | undefined; observacoes?: string | undefined; curso_interesse?: number | null | undefined; source_id?: number | ... 1 more ... | undefined; }, any, TFieldValues> | undefined' is not assignable to type 'Resolver<{ nome_completo: string; telefone: string; valor_oportunidade: number; stage_id: number; email?: string | undefined; observacoes?: string | undefined; curso_interesse?: number | null | undefined; source_id?: number | ... 1 more ... | undefined; }, any, { ...; }> | undefined'.
      Type 'Resolver<{ nome_completo: string; telefone: string; valor_oportunidade: number; stage_id: number; email?: string | undefined; observacoes?: string | undefined; curso_interesse?: number | null | undefined; source_id?: number | ... 1 more ... | undefined; }, any, TFieldValues>' is not assignable to type 'Resolver<{ nome_completo: string; telefone: string; valor_oportunidade: number; stage_id: number; email?: string | undefined; observacoes?: string | undefined; curso_interesse?: number | null | undefined; source_id?: number | ... 1 more ... | undefined; }, any, { ...; }>'.
        Type 'ResolverResult<{ nome_completo: string; telefone: string; valor_oportunidade: number; stage_id: number; email?: string | undefined; observacoes?: string | undefined; curso_interesse?: number | null | undefined; source_id?: number | ... 1 more ... | undefined; }, TFieldValues> | Promise<...>' is not assignable to type 'ResolverResult<{ nome_completo: string; telefone: string; valor_oportunidade: number; stage_id: number; email?: string | undefined; observacoes?: string | undefined; curso_interesse?: number | null | undefined; source_id?: number | ... 1 more ... | undefined; }, { ...; }> | Promise<...>'.
          Type 'ResolverSuccess<TFieldValues>' is not assignable to type 'ResolverResult<{ nome_completo: string; telefone: string; valor_oportunidade: number; stage_id: number; email?: string | undefined; observacoes?: string | undefined; curso_interesse?: number | null | undefined; source_id?: number | ... 1 more ... | undefined; }, { ...; }> | Promise<...>'.
            Type 'ResolverSuccess<TFieldValues>' is not assignable to type 'ResolverSuccess<{ nome_completo: string; telefone: string; valor_oportunidade: number; stage_id: number; email?: string | undefined; observacoes?: string | undefined; curso_interesse?: number | null | undefined; source_id?: number | ... 1 more ... | undefined; }>'.
              Type 'TFieldValues' is not assignable to type '{ nome_completo: string; telefone: string; valor_oportunidade: number; stage_id: number; email?: string | undefined; observacoes?: string | undefined; curso_interesse?: number | null | undefined; source_id?: number | ... 1 more ... | undefined; }'.
                Type 'FieldValues' is missing the following properties from type '{ nome_completo: string; telefone: string; valor_oportunidade: number; stage_id: number; email?: string | undefined; observacoes?: string | undefined; curso_interesse?: number | null | undefined; source_id?: number | ... 1 more ... | undefined; }': nome_completo, telefone, valor_oportunidade, stage_id
src/components/kanban/NewLeadForm.tsx(176,32): error TS2322: Type 'Control<{ nome_completo: string; telefone: string; valor_oportunidade: number; stage_id: number; email?: string | undefined; observacoes?: string | undefined; curso_interesse?: number | null | undefined; source_id?: number | ... 1 more ... | undefined; }, any, TFieldValues>' is not assignable to type 'Control<{ nome_completo: string; telefone: string; valor_oportunidade: number; stage_id: number; email?: string | undefined; observacoes?: string | undefined; curso_interesse?: number | null | undefined; source_id?: number | ... 1 more ... | undefined; }, any, { ...; }>'.
  The types of '_options.resolver' are incompatible between these types.
    Type 'Resolver<{ nome_completo: string; telefone: string; valor_oportunidade: number; stage_id: number; email?: string | undefined; observacoes?: string | undefined; curso_interesse?: number | null | undefined; source_id?: number | ... 1 more ... | undefined; }, any, TFieldValues> | undefined' is not assignable to type 'Resolver<{ nome_completo: string; telefone: string; valor_oportunidade: number; stage_id: number; email?: string | undefined; observacoes?: string | undefined; curso_interesse?: number | null | undefined; source_id?: number | ... 1 more ... | undefined; }, any, { ...; }> | undefined'.
      Type 'Resolver<{ nome_completo: string; telefone: string; valor_oportunidade: number; stage_id: number; email?: string | undefined; observacoes?: string | undefined; curso_interesse?: number | null | undefined; source_id?: number | ... 1 more ... | undefined; }, any, TFieldValues>' is not assignable to type 'Resolver<{ nome_completo: string; telefone: string; valor_oportunidade: number; stage_id: number; email?: string | undefined; observacoes?: string | undefined; curso_interesse?: number | null | undefined; source_id?: number | ... 1 more ... | undefined; }, any, { ...; }>'.
        Type 'ResolverResult<{ nome_completo: string; telefone: string; valor_oportunidade: number; stage_id: number; email?: string | undefined; observacoes?: string | undefined; curso_interesse?: number | null | undefined; source_id?: number | ... 1 more ... | undefined; }, TFieldValues> | Promise<...>' is not assignable to type 'ResolverResult<{ nome_completo: string; telefone: string; valor_oportunidade: number; stage_id: number; email?: string | undefined; observacoes?: string | undefined; curso_interesse?: number | null | undefined; source_id?: number | ... 1 more ... | undefined; }, { ...; }> | Promise<...>'.
          Type 'ResolverSuccess<TFieldValues>' is not assignable to type 'ResolverResult<{ nome_completo: string; telefone: string; valor_oportunidade: number; stage_id: number; email?: string | undefined; observacoes?: string | undefined; curso_interesse?: number | null | undefined; source_id?: number | ... 1 more ... | undefined; }, { ...; }> | Promise<...>'.
            Type 'ResolverSuccess<TFieldValues>' is not assignable to type 'ResolverSuccess<{ nome_completo: string; telefone: string; valor_oportunidade: number; stage_id: number; email?: string | undefined; observacoes?: string | undefined; curso_interesse?: number | null | undefined; source_id?: number | ... 1 more ... | undefined; }>'.
              Type 'TFieldValues' is not assignable to type '{ nome_completo: string; telefone: string; valor_oportunidade: number; stage_id: number; email?: string | undefined; observacoes?: string | undefined; curso_interesse?: number | null | undefined; source_id?: number | ... 1 more ... | undefined; }'.
                Type 'FieldValues' is missing the following properties from type '{ nome_completo: string; telefone: string; valor_oportunidade: number; stage_id: number; email?: string | undefined; observacoes?: string | undefined; curso_interesse?: number | null | undefined; source_id?: number | ... 1 more ... | undefined; }': nome_completo, telefone, valor_oportunidade, stage_id
src/components/kanban/NewLeadForm.tsx(211,28): error TS2322: Type 'Control<{ nome_completo: string; telefone: string; valor_oportunidade: number; stage_id: number; email?: string | undefined; observacoes?: string | undefined; curso_interesse?: number | null | undefined; source_id?: number | ... 1 more ... | undefined; }, any, TFieldValues>' is not assignable to type 'Control<{ nome_completo: string; telefone: string; valor_oportunidade: number; stage_id: number; email?: string | undefined; observacoes?: string | undefined; curso_interesse?: number | null | undefined; source_id?: number | ... 1 more ... | undefined; }, any, { ...; }>'.
  The types of '_options.resolver' are incompatible between these types.
    Type 'Resolver<{ nome_completo: string; telefone: string; valor_oportunidade: number; stage_id: number; email?: string | undefined; observacoes?: string | undefined; curso_interesse?: number | null | undefined; source_id?: number | ... 1 more ... | undefined; }, any, TFieldValues> | undefined' is not assignable to type 'Resolver<{ nome_completo: string; telefone: string; valor_oportunidade: number; stage_id: number; email?: string | undefined; observacoes?: string | undefined; curso_interesse?: number | null | undefined; source_id?: number | ... 1 more ... | undefined; }, any, { ...; }> | undefined'.
      Type 'Resolver<{ nome_completo: string; telefone: string; valor_oportunidade: number; stage_id: number; email?: string | undefined; observacoes?: string | undefined; curso_interesse?: number | null | undefined; source_id?: number | ... 1 more ... | undefined; }, any, TFieldValues>' is not assignable to type 'Resolver<{ nome_completo: string; telefone: string; valor_oportunidade: number; stage_id: number; email?: string | undefined; observacoes?: string | undefined; curso_interesse?: number | null | undefined; source_id?: number | ... 1 more ... | undefined; }, any, { ...; }>'.
        Type 'ResolverResult<{ nome_completo: string; telefone: string; valor_oportunidade: number; stage_id: number; email?: string | undefined; observacoes?: string | undefined; curso_interesse?: number | null | undefined; source_id?: number | ... 1 more ... | undefined; }, TFieldValues> | Promise<...>' is not assignable to type 'ResolverResult<{ nome_completo: string; telefone: string; valor_oportunidade: number; stage_id: number; email?: string | undefined; observacoes?: string | undefined; curso_interesse?: number | null | undefined; source_id?: number | ... 1 more ... | undefined; }, { ...; }> | Promise<...>'.
          Type 'ResolverSuccess<TFieldValues>' is not assignable to type 'ResolverResult<{ nome_completo: string; telefone: string; valor_oportunidade: number; stage_id: number; email?: string | undefined; observacoes?: string | undefined; curso_interesse?: number | null | undefined; source_id?: number | ... 1 more ... | undefined; }, { ...; }> | Promise<...>'.
            Type 'ResolverSuccess<TFieldValues>' is not assignable to type 'ResolverSuccess<{ nome_completo: string; telefone: string; valor_oportunidade: number; stage_id: number; email?: string | undefined; observacoes?: string | undefined; curso_interesse?: number | null | undefined; source_id?: number | ... 1 more ... | undefined; }>'.
              Type 'TFieldValues' is not assignable to type '{ nome_completo: string; telefone: string; valor_oportunidade: number; stage_id: number; email?: string | undefined; observacoes?: string | undefined; curso_interesse?: number | null | undefined; source_id?: number | ... 1 more ... | undefined; }'.
                Type 'FieldValues' is missing the following properties from type '{ nome_completo: string; telefone: string; valor_oportunidade: number; stage_id: number; email?: string | undefined; observacoes?: string | undefined; curso_interesse?: number | null | undefined; source_id?: number | ... 1 more ... | undefined; }': nome_completo, telefone, valor_oportunidade, stage_id
src/components/kanban/NewLeadForm.tsx(229,28): error TS2322: Type 'Control<{ nome_completo: string; telefone: string; valor_oportunidade: number; stage_id: number; email?: string | undefined; observacoes?: string | undefined; curso_interesse?: number | null | undefined; source_id?: number | ... 1 more ... | undefined; }, any, TFieldValues>' is not assignable to type 'Control<{ nome_completo: string; telefone: string; valor_oportunidade: number; stage_id: number; email?: string | undefined; observacoes?: string | undefined; curso_interesse?: number | null | undefined; source_id?: number | ... 1 more ... | undefined; }, any, { ...; }>'.
  The types of '_options.resolver' are incompatible between these types.
    Type 'Resolver<{ nome_completo: string; telefone: string; valor_oportunidade: number; stage_id: number; email?: string | undefined; observacoes?: string | undefined; curso_interesse?: number | null | undefined; source_id?: number | ... 1 more ... | undefined; }, any, TFieldValues> | undefined' is not assignable to type 'Resolver<{ nome_completo: string; telefone: string; valor_oportunidade: number; stage_id: number; email?: string | undefined; observacoes?: string | undefined; curso_interesse?: number | null | undefined; source_id?: number | ... 1 more ... | undefined; }, any, { ...; }> | undefined'.
      Type 'Resolver<{ nome_completo: string; telefone: string; valor_oportunidade: number; stage_id: number; email?: string | undefined; observacoes?: string | undefined; curso_interesse?: number | null | undefined; source_id?: number | ... 1 more ... | undefined; }, any, TFieldValues>' is not assignable to type 'Resolver<{ nome_completo: string; telefone: string; valor_oportunidade: number; stage_id: number; email?: string | undefined; observacoes?: string | undefined; curso_interesse?: number | null | undefined; source_id?: number | ... 1 more ... | undefined; }, any, { ...; }>'.
        Type 'ResolverResult<{ nome_completo: string; telefone: string; valor_oportunidade: number; stage_id: number; email?: string | undefined; observacoes?: string | undefined; curso_interesse?: number | null | undefined; source_id?: number | ... 1 more ... | undefined; }, TFieldValues> | Promise<...>' is not assignable to type 'ResolverResult<{ nome_completo: string; telefone: string; valor_oportunidade: number; stage_id: number; email?: string | undefined; observacoes?: string | undefined; curso_interesse?: number | null | undefined; source_id?: number | ... 1 more ... | undefined; }, { ...; }> | Promise<...>'.
          Type 'ResolverSuccess<TFieldValues>' is not assignable to type 'ResolverResult<{ nome_completo: string; telefone: string; valor_oportunidade: number; stage_id: number; email?: string | undefined; observacoes?: string | undefined; curso_interesse?: number | null | undefined; source_id?: number | ... 1 more ... | undefined; }, { ...; }> | Promise<...>'.
            Type 'ResolverSuccess<TFieldValues>' is not assignable to type 'ResolverSuccess<{ nome_completo: string; telefone: string; valor_oportunidade: number; stage_id: number; email?: string | undefined; observacoes?: string | undefined; curso_interesse?: number | null | undefined; source_id?: number | ... 1 more ... | undefined; }>'.
              Type 'TFieldValues' is not assignable to type '{ nome_completo: string; telefone: string; valor_oportunidade: number; stage_id: number; email?: string | undefined; observacoes?: string | undefined; curso_interesse?: number | null | undefined; source_id?: number | ... 1 more ... | undefined; }'.
                Type 'FieldValues' is missing the following properties from type '{ nome_completo: string; telefone: string; valor_oportunidade: number; stage_id: number; email?: string | undefined; observacoes?: string | undefined; curso_interesse?: number | null | undefined; source_id?: number | ... 1 more ... | undefined; }': nome_completo, telefone, valor_oportunidade, stage_id
src/types/database.ts(49,5): error TS2300: Duplicate identifier 'clicks_count'.
src/types/database.ts(50,5): error TS2300: Duplicate identifier 'clicks_count'.
